[    5008ms] [WARNING] WARN Infinite extent for field "κ, 1/м": [Infinity, -Infinity] @ http://localhost:8501/static/js/embed.BiANn3cj.js:0
[    5008ms] [WARNING] WARN Infinite extent for field "κ, 1/м": [Infinity, -Infinity] @ http://localhost:8501/static/js/embed.BiANn3cj.js:0
[    5008ms] [WARNING] WARN Infinite extent for field "κ, 1/м": [Infinity, -Infinity] @ http://localhost:8501/static/js/embed.BiANn3cj.js:0
[    5009ms] [WARNING] WARN Infinite extent for field "M, кН·м": [Infinity, -Infinity] @ http://localhost:8501/static/js/embed.BiANn3cj.js:0
[    5009ms] [WARNING] WARN Infinite extent for field "M, кН·м": [Infinity, -Infinity] @ http://localhost:8501/static/js/embed.BiANn3cj.js:0
[    5009ms] [WARNING] WARN Infinite extent for field "M, кН·м": [Infinity, -Infinity] @ http://localhost:8501/static/js/embed.BiANn3cj.js:0
[    5020ms] [WARNING] WARN Infinite extent for field "ε_c, 10^-5": [Infinity, -Infinity] @ http://localhost:8501/static/js/embed.BiANn3cj.js:0
[    5020ms] [WARNING] WARN Infinite extent for field "ε_c, 10^-5": [Infinity, -Infinity] @ http://localhost:8501/static/js/embed.BiANn3cj.js:0
[    5021ms] [WARNING] WARN Infinite extent for field "z, мм": [Infinity, -Infinity] @ http://localhost:8501/static/js/embed.BiANn3cj.js:0
[    5021ms] [WARNING] WARN Infinite extent for field "z, мм": [Infinity, -Infinity] @ http://localhost:8501/static/js/embed.BiANn3cj.js:0
[    5028ms] [WARNING] WARN Infinite extent for field "ε_s, 10^-5": [Infinity, -Infinity] @ http://localhost:8501/static/js/embed.BiANn3cj.js:0
[    5028ms] [WARNING] WARN Infinite extent for field "ε_s, 10^-5": [Infinity, -Infinity] @ http://localhost:8501/static/js/embed.BiANn3cj.js:0
[    5028ms] [WARNING] WARN Infinite extent for field "ε_s, 10^-5": [Infinity, -Infinity] @ http://localhost:8501/static/js/embed.BiANn3cj.js:0
[    5028ms] [WARNING] WARN Infinite extent for field "M, кН·м": [Infinity, -Infinity] @ http://localhost:8501/static/js/embed.BiANn3cj.js:0
[    5028ms] [WARNING] WARN Infinite extent for field "M, кН·м": [Infinity, -Infinity] @ http://localhost:8501/static/js/embed.BiANn3cj.js:0
[    5028ms] [WARNING] WARN Infinite extent for field "M, кН·м": [Infinity, -Infinity] @ http://localhost:8501/static/js/embed.BiANn3cj.js:0
[    5037ms] [WARNING] WARN Infinite extent for field "ε_s, 10^-5": [Infinity, -Infinity] @ http://localhost:8501/static/js/embed.BiANn3cj.js:0
[    5037ms] [WARNING] WARN Infinite extent for field "ε_s, 10^-5": [Infinity, -Infinity] @ http://localhost:8501/static/js/embed.BiANn3cj.js:0
[    5037ms] [WARNING] WARN Infinite extent for field "ε_s, 10^-5": [Infinity, -Infinity] @ http://localhost:8501/static/js/embed.BiANn3cj.js:0
[    5038ms] [WARNING] WARN Infinite extent for field "M, кН·м": [Infinity, -Infinity] @ http://localhost:8501/static/js/embed.BiANn3cj.js:0
[    5038ms] [WARNING] WARN Infinite extent for field "M, кН·м": [Infinity, -Infinity] @ http://localhost:8501/static/js/embed.BiANn3cj.js:0
[    5038ms] [WARNING] WARN Infinite extent for field "M, кН·м": [Infinity, -Infinity] @ http://localhost:8501/static/js/embed.BiANn3cj.js:0
[    5092ms] [WARNING] WARN Infinite extent for field "κ, 1/м": [Infinity, -Infinity] @ http://localhost:8501/static/js/embed.BiANn3cj.js:0
[    5093ms] [WARNING] WARN Infinite extent for field "κ, 1/м": [Infinity, -Infinity] @ http://localhost:8501/static/js/embed.BiANn3cj.js:0
[    5093ms] [WARNING] WARN Infinite extent for field "κ, 1/м": [Infinity, -Infinity] @ http://localhost:8501/static/js/embed.BiANn3cj.js:0
[    5093ms] [WARNING] WARN Infinite extent for field "M, кН·м": [Infinity, -Infinity] @ http://localhost:8501/static/js/embed.BiANn3cj.js:0
[    5093ms] [WARNING] WARN Infinite extent for field "M, кН·м": [Infinity, -Infinity] @ http://localhost:8501/static/js/embed.BiANn3cj.js:0
[    5093ms] [WARNING] WARN Infinite extent for field "M, кН·м": [Infinity, -Infinity] @ http://localhost:8501/static/js/embed.BiANn3cj.js:0
[    5099ms] [WARNING] WARN Infinite extent for field "ε_c, 10^-5": [Infinity, -Infinity] @ http://localhost:8501/static/js/embed.BiANn3cj.js:0
[    5099ms] [WARNING] WARN Infinite extent for field "ε_c, 10^-5": [Infinity, -Infinity] @ http://localhost:8501/static/js/embed.BiANn3cj.js:0
[    5099ms] [WARNING] WARN Infinite extent for field "z, мм": [Infinity, -Infinity] @ http://localhost:8501/static/js/embed.BiANn3cj.js:0
[    5099ms] [WARNING] WARN Infinite extent for field "z, мм": [Infinity, -Infinity] @ http://localhost:8501/static/js/embed.BiANn3cj.js:0
[    5108ms] [WARNING] WARN Infinite extent for field "ε_s, 10^-5": [Infinity, -Infinity] @ http://localhost:8501/static/js/embed.BiANn3cj.js:0
[    5108ms] [WARNING] WARN Infinite extent for field "ε_s, 10^-5": [Infinity, -Infinity] @ http://localhost:8501/static/js/embed.BiANn3cj.js:0
[    5108ms] [WARNING] WARN Infinite extent for field "ε_s, 10^-5": [Infinity, -Infinity] @ http://localhost:8501/static/js/embed.BiANn3cj.js:0
[    5108ms] [WARNING] WARN Infinite extent for field "M, кН·м": [Infinity, -Infinity] @ http://localhost:8501/static/js/embed.BiANn3cj.js:0
[    5108ms] [WARNING] WARN Infinite extent for field "M, кН·м": [Infinity, -Infinity] @ http://localhost:8501/static/js/embed.BiANn3cj.js:0
[    5108ms] [WARNING] WARN Infinite extent for field "M, кН·м": [Infinity, -Infinity] @ http://localhost:8501/static/js/embed.BiANn3cj.js:0
[    5115ms] [WARNING] WARN Infinite extent for field "ε_s, 10^-5": [Infinity, -Infinity] @ http://localhost:8501/static/js/embed.BiANn3cj.js:0
[    5115ms] [WARNING] WARN Infinite extent for field "ε_s, 10^-5": [Infinity, -Infinity] @ http://localhost:8501/static/js/embed.BiANn3cj.js:0
[    5115ms] [WARNING] WARN Infinite extent for field "ε_s, 10^-5": [Infinity, -Infinity] @ http://localhost:8501/static/js/embed.BiANn3cj.js:0
[    5115ms] [WARNING] WARN Infinite extent for field "M, кН·м": [Infinity, -Infinity] @ http://localhost:8501/static/js/embed.BiANn3cj.js:0
[    5115ms] [WARNING] WARN Infinite extent for field "M, кН·м": [Infinity, -Infinity] @ http://localhost:8501/static/js/embed.BiANn3cj.js:0
[    5115ms] [WARNING] WARN Infinite extent for field "M, кН·м": [Infinity, -Infinity] @ http://localhost:8501/static/js/embed.BiANn3cj.js:0
[    5161ms] [WARNING] WARN Infinite extent for field "κ, 1/м": [Infinity, -Infinity] @ http://localhost:8501/static/js/embed.BiANn3cj.js:0
[    5162ms] [WARNING] WARN Infinite extent for field "κ, 1/м": [Infinity, -Infinity] @ http://localhost:8501/static/js/embed.BiANn3cj.js:0
[    5162ms] [WARNING] WARN Infinite extent for field "κ, 1/м": [Infinity, -Infinity] @ http://localhost:8501/static/js/embed.BiANn3cj.js:0
[    5162ms] [WARNING] WARN Infinite extent for field "M, кН·м": [Infinity, -Infinity] @ http://localhost:8501/static/js/embed.BiANn3cj.js:0
[    5162ms] [WARNING] WARN Infinite extent for field "M, кН·м": [Infinity, -Infinity] @ http://localhost:8501/static/js/embed.BiANn3cj.js:0
[    5162ms] [WARNING] WARN Infinite extent for field "M, кН·м": [Infinity, -Infinity] @ http://localhost:8501/static/js/embed.BiANn3cj.js:0
[    5167ms] [WARNING] WARN Infinite extent for field "ε_c, 10^-5": [Infinity, -Infinity] @ http://localhost:8501/static/js/embed.BiANn3cj.js:0
[    5167ms] [WARNING] WARN Infinite extent for field "ε_c, 10^-5": [Infinity, -Infinity] @ http://localhost:8501/static/js/embed.BiANn3cj.js:0
[    5167ms] [WARNING] WARN Infinite extent for field "z, мм": [Infinity, -Infinity] @ http://localhost:8501/static/js/embed.BiANn3cj.js:0
[    5167ms] [WARNING] WARN Infinite extent for field "z, мм": [Infinity, -Infinity] @ http://localhost:8501/static/js/embed.BiANn3cj.js:0
[    5173ms] [WARNING] WARN Infinite extent for field "ε_s, 10^-5": [Infinity, -Infinity] @ http://localhost:8501/static/js/embed.BiANn3cj.js:0
[    5173ms] [WARNING] WARN Infinite extent for field "ε_s, 10^-5": [Infinity, -Infinity] @ http://localhost:8501/static/js/embed.BiANn3cj.js:0
[    5173ms] [WARNING] WARN Infinite extent for field "ε_s, 10^-5": [Infinity, -Infinity] @ http://localhost:8501/static/js/embed.BiANn3cj.js:0
[    5173ms] [WARNING] WARN Infinite extent for field "M, кН·м": [Infinity, -Infinity] @ http://localhost:8501/static/js/embed.BiANn3cj.js:0
[    5173ms] [WARNING] WARN Infinite extent for field "M, кН·м": [Infinity, -Infinity] @ http://localhost:8501/static/js/embed.BiANn3cj.js:0
[    5173ms] [WARNING] WARN Infinite extent for field "M, кН·м": [Infinity, -Infinity] @ http://localhost:8501/static/js/embed.BiANn3cj.js:0
[    5178ms] [WARNING] WARN Infinite extent for field "ε_s, 10^-5": [Infinity, -Infinity] @ http://localhost:8501/static/js/embed.BiANn3cj.js:0
[    5178ms] [WARNING] WARN Infinite extent for field "ε_s, 10^-5": [Infinity, -Infinity] @ http://localhost:8501/static/js/embed.BiANn3cj.js:0
[    5178ms] [WARNING] WARN Infinite extent for field "ε_s, 10^-5": [Infinity, -Infinity] @ http://localhost:8501/static/js/embed.BiANn3cj.js:0
[    5178ms] [WARNING] WARN Infinite extent for field "M, кН·м": [Infinity, -Infinity] @ http://localhost:8501/static/js/embed.BiANn3cj.js:0
[    5178ms] [WARNING] WARN Infinite extent for field "M, кН·м": [Infinity, -Infinity] @ http://localhost:8501/static/js/embed.BiANn3cj.js:0
[    5178ms] [WARNING] WARN Infinite extent for field "M, кН·м": [Infinity, -Infinity] @ http://localhost:8501/static/js/embed.BiANn3cj.js:0
